// Jest Snapshot v1, https://goo.gl/fbAQLP

exports[`ColorPicker component expect to match snapshot 1`] = `
<div>
  <div
    className="swatch"
    onClick={[Function]}
  >
    <div
      className="color"
      style={
        Object {
          "background": "rgba(241, 112, 19, 1)",
        }
      }
    />
  </div>
</div>
`;
